2022-05-17 10:14:42.138 DEBUG [135759] [CATCH2_INTERNAL_TEST_0@12] this is a debug message, only appear when this is usefull to find a bug
2022-05-17 10:14:42.138 INFO  [135759] [CATCH2_INTERNAL_TEST_0@14] this is an info message, only appear when this is usefull to get the runtime status of the program
2022-05-17 10:14:42.138 WARN  [135759] [CATCH2_INTERNAL_TEST_0@16] this is a warning message, only appear when Something that is very dangerous is happening
2022-05-17 10:14:42.138 ERROR [135759] [CATCH2_INTERNAL_TEST_0@18] this is an error message, only appear when something is wrong, but we can still continue
2022-05-17 10:14:42.138 FATAL [135759] [CATCH2_INTERNAL_TEST_0@20] this is a fatal message, only appear when something is wrong and we can't continue
2022-05-17 10:15:45.854 DEBUG [135816] [CATCH2_INTERNAL_TEST_0@12] this is a debug message, only appear when this is usefull to find a bug
2022-05-17 10:15:45.854 INFO  [135816] [CATCH2_INTERNAL_TEST_0@14] this is an info message, only appear when this is usefull to get the runtime status of the program
2022-05-17 10:15:45.854 WARN  [135816] [CATCH2_INTERNAL_TEST_0@16] this is a warning message, only appear when Something that is very dangerous is happening
2022-05-17 10:15:45.854 ERROR [135816] [CATCH2_INTERNAL_TEST_0@18] this is an error message, only appear when something is wrong, but we can still continue
2022-05-17 10:15:45.854 FATAL [135816] [CATCH2_INTERNAL_TEST_0@20] this is a fatal message, only appear when something is wrong and we can't continue
2022-05-17 10:15:52.711 DEBUG [135823] [CATCH2_INTERNAL_TEST_0@12] this is a debug message, only appear when this is usefull to find a bug
2022-05-17 10:15:52.711 INFO  [135823] [CATCH2_INTERNAL_TEST_0@14] this is an info message, only appear when this is usefull to get the runtime status of the program
2022-05-17 10:15:52.711 WARN  [135823] [CATCH2_INTERNAL_TEST_0@16] this is a warning message, only appear when Something that is very dangerous is happening
2022-05-17 10:15:52.711 ERROR [135823] [CATCH2_INTERNAL_TEST_0@18] this is an error message, only appear when something is wrong, but we can still continue
2022-05-17 10:15:52.711 FATAL [135823] [CATCH2_INTERNAL_TEST_0@20] this is a fatal message, only appear when something is wrong and we can't continue
2022-05-17 10:15:56.453 DEBUG [135830] [CATCH2_INTERNAL_TEST_0@12] this is a debug message, only appear when this is usefull to find a bug
2022-05-17 10:15:56.453 INFO  [135830] [CATCH2_INTERNAL_TEST_0@14] this is an info message, only appear when this is usefull to get the runtime status of the program
2022-05-17 10:15:56.453 WARN  [135830] [CATCH2_INTERNAL_TEST_0@16] this is a warning message, only appear when Something that is very dangerous is happening
2022-05-17 10:15:56.453 ERROR [135830] [CATCH2_INTERNAL_TEST_0@18] this is an error message, only appear when something is wrong, but we can still continue
2022-05-17 10:15:56.453 FATAL [135830] [CATCH2_INTERNAL_TEST_0@20] this is a fatal message, only appear when something is wrong and we can't continue
2022-05-17 10:16:39.298 DEBUG [136115] [CATCH2_INTERNAL_TEST_0@12] this is a debug message, only appear when this is usefull to find a bug
2022-05-17 10:16:39.298 INFO  [136115] [CATCH2_INTERNAL_TEST_0@14] this is an info message, only appear when this is usefull to get the runtime status of the program
2022-05-17 10:16:39.298 WARN  [136115] [CATCH2_INTERNAL_TEST_0@16] this is a warning message, only appear when Something that is very dangerous is happening
2022-05-17 10:16:39.298 ERROR [136115] [CATCH2_INTERNAL_TEST_0@18] this is an error message, only appear when something is wrong, but we can still continue
2022-05-17 10:16:39.298 FATAL [136115] [CATCH2_INTERNAL_TEST_0@20] this is a fatal message, only appear when something is wrong and we can't continue
2022-05-17 11:20:20.244 DEBUG [143641] [CATCH2_INTERNAL_TEST_0@12] this is a debug message, only appear when this is usefull to find a bug
2022-05-17 11:20:20.244 INFO  [143641] [CATCH2_INTERNAL_TEST_0@14] this is an info message, only appear when this is usefull to get the runtime status of the program
2022-05-17 11:20:20.244 WARN  [143641] [CATCH2_INTERNAL_TEST_0@16] this is a warning message, only appear when Something that is very dangerous is happening
2022-05-17 11:20:20.244 ERROR [143641] [CATCH2_INTERNAL_TEST_0@18] this is an error message, only appear when something is wrong, but we can still continue
2022-05-17 11:20:20.244 FATAL [143641] [CATCH2_INTERNAL_TEST_0@20] this is a fatal message, only appear when something is wrong and we can't continue
2022-05-17 11:50:20.616 DEBUG [145483] [CATCH2_INTERNAL_TEST_0@12] this is a debug message, only appear when this is usefull to find a bug
2022-05-17 11:50:20.616 INFO  [145483] [CATCH2_INTERNAL_TEST_0@14] this is an info message, only appear when this is usefull to get the runtime status of the program
2022-05-17 11:50:20.616 WARN  [145483] [CATCH2_INTERNAL_TEST_0@16] this is a warning message, only appear when Something that is very dangerous is happening
2022-05-17 11:50:20.616 ERROR [145483] [CATCH2_INTERNAL_TEST_0@18] this is an error message, only appear when something is wrong, but we can still continue
2022-05-17 11:50:20.616 FATAL [145483] [CATCH2_INTERNAL_TEST_0@20] this is a fatal message, only appear when something is wrong and we can't continue
2022-05-17 11:53:12.006 DEBUG [145730] [CATCH2_INTERNAL_TEST_0@12] this is a debug message, only appear when this is usefull to find a bug
2022-05-17 11:53:12.006 INFO  [145730] [CATCH2_INTERNAL_TEST_0@14] this is an info message, only appear when this is usefull to get the runtime status of the program
2022-05-17 11:53:12.006 WARN  [145730] [CATCH2_INTERNAL_TEST_0@16] this is a warning message, only appear when Something that is very dangerous is happening
2022-05-17 11:53:12.006 ERROR [145730] [CATCH2_INTERNAL_TEST_0@18] this is an error message, only appear when something is wrong, but we can still continue
2022-05-17 11:53:12.006 FATAL [145730] [CATCH2_INTERNAL_TEST_0@20] this is a fatal message, only appear when something is wrong and we can't continue
2022-05-17 11:55:57.279 DEBUG [145952] [CATCH2_INTERNAL_TEST_0@12] this is a debug message, only appear when this is usefull to find a bug
2022-05-17 11:55:57.280 INFO  [145952] [CATCH2_INTERNAL_TEST_0@14] this is an info message, only appear when this is usefull to get the runtime status of the program
2022-05-17 11:55:57.280 WARN  [145952] [CATCH2_INTERNAL_TEST_0@16] this is a warning message, only appear when Something that is very dangerous is happening
2022-05-17 11:55:57.280 ERROR [145952] [CATCH2_INTERNAL_TEST_0@18] this is an error message, only appear when something is wrong, but we can still continue
2022-05-17 11:55:57.280 FATAL [145952] [CATCH2_INTERNAL_TEST_0@20] this is a fatal message, only appear when something is wrong and we can't continue
2022-05-17 11:56:45.788 DEBUG [146148] [CATCH2_INTERNAL_TEST_0@12] this is a debug message, only appear when this is usefull to find a bug
2022-05-17 11:56:45.788 INFO  [146148] [CATCH2_INTERNAL_TEST_0@14] this is an info message, only appear when this is usefull to get the runtime status of the program
2022-05-17 11:56:45.788 WARN  [146148] [CATCH2_INTERNAL_TEST_0@16] this is a warning message, only appear when Something that is very dangerous is happening
2022-05-17 11:56:45.788 ERROR [146148] [CATCH2_INTERNAL_TEST_0@18] this is an error message, only appear when something is wrong, but we can still continue
2022-05-17 11:56:45.788 FATAL [146148] [CATCH2_INTERNAL_TEST_0@20] this is a fatal message, only appear when something is wrong and we can't continue
2022-05-17 11:59:46.820 DEBUG [146324] [CATCH2_INTERNAL_TEST_0@12] this is a debug message, only appear when this is usefull to find a bug
2022-05-17 11:59:46.820 INFO  [146324] [CATCH2_INTERNAL_TEST_0@14] this is an info message, only appear when this is usefull to get the runtime status of the program
2022-05-17 11:59:46.820 WARN  [146324] [CATCH2_INTERNAL_TEST_0@16] this is a warning message, only appear when Something that is very dangerous is happening
2022-05-17 11:59:46.820 ERROR [146324] [CATCH2_INTERNAL_TEST_0@18] this is an error message, only appear when something is wrong, but we can still continue
2022-05-17 11:59:46.820 FATAL [146324] [CATCH2_INTERNAL_TEST_0@20] this is a fatal message, only appear when something is wrong and we can't continue
2022-05-17 12:01:02.506 DEBUG [146548] [CATCH2_INTERNAL_TEST_0@12] this is a debug message, only appear when this is usefull to find a bug
2022-05-17 12:01:02.506 INFO  [146548] [CATCH2_INTERNAL_TEST_0@14] this is an info message, only appear when this is usefull to get the runtime status of the program
2022-05-17 12:01:02.506 WARN  [146548] [CATCH2_INTERNAL_TEST_0@16] this is a warning message, only appear when Something that is very dangerous is happening
2022-05-17 12:01:02.506 ERROR [146548] [CATCH2_INTERNAL_TEST_0@18] this is an error message, only appear when something is wrong, but we can still continue
2022-05-17 12:01:02.506 FATAL [146548] [CATCH2_INTERNAL_TEST_0@20] this is a fatal message, only appear when something is wrong and we can't continue
2022-05-17 12:01:58.969 DEBUG [146839] [CATCH2_INTERNAL_TEST_0@12] this is a debug message, only appear when this is usefull to find a bug
2022-05-17 12:01:58.969 INFO  [146839] [CATCH2_INTERNAL_TEST_0@14] this is an info message, only appear when this is usefull to get the runtime status of the program
2022-05-17 12:01:58.969 WARN  [146839] [CATCH2_INTERNAL_TEST_0@16] this is a warning message, only appear when Something that is very dangerous is happening
2022-05-17 12:01:58.969 ERROR [146839] [CATCH2_INTERNAL_TEST_0@18] this is an error message, only appear when something is wrong, but we can still continue
2022-05-17 12:01:58.969 FATAL [146839] [CATCH2_INTERNAL_TEST_0@20] this is a fatal message, only appear when something is wrong and we can't continue
2022-05-17 12:02:54.713 DEBUG [146881] [CATCH2_INTERNAL_TEST_0@12] this is a debug message, only appear when this is usefull to find a bug
2022-05-17 12:02:54.713 INFO  [146881] [CATCH2_INTERNAL_TEST_0@14] this is an info message, only appear when this is usefull to get the runtime status of the program
2022-05-17 12:02:54.713 WARN  [146881] [CATCH2_INTERNAL_TEST_0@16] this is a warning message, only appear when Something that is very dangerous is happening
2022-05-17 12:02:54.713 ERROR [146881] [CATCH2_INTERNAL_TEST_0@18] this is an error message, only appear when something is wrong, but we can still continue
2022-05-17 12:02:54.713 FATAL [146881] [CATCH2_INTERNAL_TEST_0@20] this is a fatal message, only appear when something is wrong and we can't continue
